$ make CppunitTest_dbaccess_dialog_save CPPUNITTRACE="gdb --args"

make -j 1 -rs -f /home/infinity/libreoffice/Makefile.gbuild CppunitTest_dbaccess_dialog_save
[CUT] dbaccess_dialog_save
<frozen importlib._bootstrap>:914: ImportWarning: GdbRemoveReadlineFinder.find_spec() not found; falling back to find_module()
GNU gdb (Debian 12.1-2) 12.1
Copyright (C) 2022 Free Software Foundation, Inc.
License GPLv3+: GNU GPL version 3 or later <http://gnu.org/licenses/gpl.html>
This is free software: you are free to change and redistribute it.
There is NO WARRANTY, to the extent permitted by law.
Type "show copying" and "show warranty" for details.
This GDB was configured as "riscv64-linux-gnu".
Type "show configuration" for configuration details.
For bug reporting instructions, please see:
<https://www.gnu.org/software/gdb/bugs/>.
Find the GDB manual and other documentation resources online at:
    <http://www.gnu.org/software/gdb/documentation/>.

For help, type "help".
Type "apropos word" to search for commands related to "word"...

## symbols已经读进去了
Reading symbols from /home/infinity/libreoffice/workdir/LinkTarget/Executable/cppunittester...

(gdb) apropos word
if -- Execute nested commands once IF the conditional expression is non zero.
maintenance info sections -- List the BFD sections of the exec and core files.
while -- Execute nested commands WHILE the conditional expression is non zero.
x -- Examine memory: x/FMT ADDRESS.
(gdb) i register 
The program has no registers now.
(gdb) run
Starting program: /home/infinity/libreoffice/workdir/LinkTarget/Executable/cppunittester /home/infinity/libreoffice/workdir/LinkTarget/CppunitTest/libtest_dbaccess_dialog_save.so --headless -env:BRAND_BASE_DIR=file:///home/infinity/libreoffice/instdir -env:BRAND_SHARE_SUBDIR=share -env:BRAND_SHARE_RESOURCE_SUBDIR=program/resource -env:UserInstallation=file:///home/infinity/libreoffice/workdir/CppunitTest/dbaccess_dialog_save.test.user -env:CONFIGURATION_LAYERS=xcsxcu:file:///home/infinity/libreoffice/instdir/share/registry\ xcsxcu:file:///home/infinity/libreoffice/workdir/unittest/registry -env:UNO_TYPES=file:///home/infinity/libreoffice/instdir/program/types/offapi.rdb\ file:///home/infinity/libreoffice/instdir/program/types/oovbaapi.rdb\ file:///home/infinity/libreoffice/instdir/program/types.rdb -env:UNO_SERVICES=file:///home/infinity/libreoffice/workdir/Rdb/ure/services.rdb\ file:///home/infinity/libreoffice/workdir/ComponentTarget/basic/util/sb.component\ file:///home/infinity/libreoffice/workdir/ComponentTarget/comphelper/util/comphelp.component\ file:///home/infinity/libreoffice/workdir/ComponentTarget/configmgr/source/configmgr.component\ file:///home/infinity/libreoffice/workdir/ComponentTarget/dbaccess/util/dba.component\ file:///home/infinity/libreoffice/workdir/ComponentTarget/dbaccess/util/dbu.component\ file:///home/infinity/libreoffice/workdir/ComponentTarget/dbaccess/util/sdbt.component\ file:///home/infinity/libreoffice/workdir/ComponentTarget/dbaccess/source/filter/xml/dbaxml.component\ file:///home/infinity/libreoffice/workdir/ComponentTarget/filter/source/config/cache/filterconfig1.component\ file:///home/infinity/libreoffice/workdir/ComponentTarget/forms/util/frm.component\ file:///home/infinity/libreoffice/workdir/ComponentTarget/framework/util/fwk.component\ file:///home/infinity/libreoffice/workdir/ComponentTarget/i18npool/util/i18npool.component\ file:///home/infinity/libreoffice/workdir/ComponentTarget/linguistic/source/lng.component\ file:///home/infinity/libreoffice/workdir/ComponentTarget/oox/util/oox.component\ file:///home/infinity/libreoffice/workdir/ComponentTarget/package/source/xstor/xstor.component\ file:///home/infinity/libreoffice/workdir/ComponentTarget/package/util/package2.component\ file:///home/infinity/libreoffice/workdir/ComponentTarget/sax/source/expatwrap/expwrap.component\ file:///home/infinity/libreoffice/workdir/ComponentTarget/scripting/source/basprov/basprov.component\ file:///home/infinity/libreoffice/workdir/ComponentTarget/scripting/util/scriptframe.component\ file:///home/infinity/libreoffice/workdir/ComponentTarget/sfx2/util/sfx.component\ file:///home/infinity/libreoffice/workdir/ComponentTarget/sot/util/sot.component\ file:///home/infinity/libreoffice/workdir/ComponentTarget/svl/source/fsstor/fsstorage.component\ file:///home/infinity/libreoffice/workdir/ComponentTarget/svl/util/svl.component\ file:///home/infinity/libreoffice/workdir/ComponentTarget/toolkit/util/tk.component\ file:///home/infinity/libreoffice/workdir/ComponentTarget/ucb/source/core/ucb1.component\ file:///home/infinity/libreoffice/workdir/ComponentTarget/ucb/source/ucp/file/ucpfile1.component\ file:///home/infinity/libreoffice/workdir/ComponentTarget/ucb/source/ucp/tdoc/ucptdoc1.component\ file:///home/infinity/libreoffice/workdir/ComponentTarget/unotools/util/utl.component\ file:///home/infinity/libreoffice/workdir/ComponentTarget/unoxml/source/rdf/unordf.component\ file:///home/infinity/libreoffice/workdir/ComponentTarget/unoxml/source/service/unoxml.component\ file:///home/infinity/libreoffice/workdir/ComponentTarget/uui/util/uui.component\ file:///home/infinity/libreoffice/workdir/ComponentTarget/xmloff/util/xo.component -env:URE_BIN_DIR=file:///home/infinity/libreoffice/--Type <RET> for more, q to quit, c to continue without paging--c
instdir/program -env:URE_INTERNAL_LIB_DIR=file:///home/infinity/libreoffice/instdir/program -env:LO_LIB_DIR=file:///home/infinity/libreoffice/instdir/program -env:LO_JAVA_DIR=file:///home/infinity/libreoffice/instdir/program/classes --protector /home/infinity/libreoffice/workdir/LinkTarget/Library/unoexceptionprotector.so unoexceptionprotector --protector /home/infinity/libreoffice/workdir/LinkTarget/Library/unobootstrapprotector.so unobootstrapprotector --protector /home/infinity/libreoffice/workdir/LinkTarget/Library/libvclbootstrapprotector.so vclbootstrapprotector -env:CPPUNITTESTTARGET=/home/infinity/libreoffice/workdir/CppunitTest/dbaccess_dialog_save.test
/lib/riscv64-linux-gnu/../../share/gcc/python/libstdcxx/v6/printers.py:1200: DeprecationWarning: invalid escape sequence '\d'
  self.typename = re.sub('^std::experimental::fundamentals_v\d::', 'std::experimental::', self.typename, 1)
/lib/riscv64-linux-gnu/../../share/gcc/python/libstdcxx/v6/printers.py:1218: DeprecationWarning: invalid escape sequence '\w'
  mgrname = re.sub("std::string(?!\w)", str(gdb.lookup_type('std::string').strip_typedefs()), m.group(1))
/lib/riscv64-linux-gnu/../../share/gcc/python/libstdcxx/v6/printers.py:1248: DeprecationWarning: invalid escape sequence '\d'     
  self.typename = re.sub('^std::(experimental::|)(fundamentals_v\d::|)(.*)', r'std::\1\3<%s>' % valtype, typename, 1)
/lib/riscv64-linux-gnu/../../share/gcc/python/libstdcxx/v6/xmethods.py:151: DeprecationWarning: invalid escape sequence '\d'
  if not re.match('^std::(__\d+::)?array<.*>$', class_type.tag):
/lib/riscv64-linux-gnu/../../share/gcc/python/libstdcxx/v6/xmethods.py:268: DeprecationWarning: invalid escape sequence '\d'
  if not re.match('^std::(__\d+::)?deque<.*>$', class_type.tag):
/lib/riscv64-linux-gnu/../../share/gcc/python/libstdcxx/v6/xmethods.py:312: DeprecationWarning: invalid escape sequence '\d'
  if not re.match('^std::(__\d+::)?forward_list<.*>$', class_type.tag):
/lib/riscv64-linux-gnu/../../share/gcc/python/libstdcxx/v6/xmethods.py:393: DeprecationWarning: invalid escape sequence '\d'      
  if not re.match('^std::(__\d+::)?(__cxx11::)?list<.*>$', class_type.tag):
/lib/riscv64-linux-gnu/../../share/gcc/python/libstdcxx/v6/xmethods.py:508: DeprecationWarning: invalid escape sequence '\d'      
  if not re.match('^std::(__\d+::)?vector<.*>$', class_type.tag):
/lib/riscv64-linux-gnu/../../share/gcc/python/libstdcxx/v6/xmethods.py:557: DeprecationWarning: invalid escape sequence '\d'
  if not re.match('^std::(__\d+::)?%s<.*>$' % self._name, class_type.tag):
/lib/riscv64-linux-gnu/../../share/gcc/python/libstdcxx/v6/xmethods.py:590: DeprecationWarning: invalid escape sequence '\d'      
  if re.match('^std::(__\d+::)?__uniq_ptr_(data|impl)<.*>$', impl_type):
/lib/riscv64-linux-gnu/../../share/gcc/python/libstdcxx/v6/xmethods.py:592: DeprecationWarning: invalid escape sequence '\d'      
  elif re.match('^std::(__\d+::)?tuple<.*>$', impl_type):
/lib/riscv64-linux-gnu/../../share/gcc/python/libstdcxx/v6/xmethods.py:654: DeprecationWarning: invalid escape sequence '\d'
  if not re.match('^std::(__\d+::)?unique_ptr<.*>$', class_type.tag):
/lib/riscv64-linux-gnu/../../share/gcc/python/libstdcxx/v6/xmethods.py:723: DeprecationWarning: invalid escape sequence '\['      
  m = re.match('.*\[(\d+)]$', str(self._elem_type))
/lib/riscv64-linux-gnu/../../share/gcc/python/libstdcxx/v6/xmethods.py:772: DeprecationWarning: invalid escape sequence '\d'      
  if not re.match('^std::(__\d+::)?shared_ptr<.*>$', class_type.tag):
[Thread debugging using libthread_db enabled]
Using host libthread_db library "/lib/riscv64-linux-gnu/libthread_db.so.1".
[_RUN_____] DialogSaveTest::test
[New Thread 0xffffffe75567d0 (LWP 489)]
warn:legacy.osl:457:457:dbaccess/source/core/dataaccess/ModelImpl.cxx:764: ODatabaseModelImpl::getOrCreateRootStorage: no source to create the storage from!
warn:legacy.osl:457:457:dbaccess/source/core/dataaccess/ModelImpl.cxx:764: ODatabaseModelImpl::getOrCreateRootStorage: no source to create the storage from!
warn:legacy.osl:457:457:dbaccess/source/core/dataaccess/ModelImpl.cxx:764: ODatabaseModelImpl::getOrCreateRootStorage: no source to create the storage from!
warn:dbaccess:457:457:dbaccess/source/filter/xml/xmlTable.cxx:76: unknown attribute urn:oasis:names:tc:opendocument:xmlns:database:1.0 db:command value=SELECT "Assets"."AssetID" AS "AssetID", "Assets"."DateSold" AS "DateSold" FROM "Assets" "Assets" WHERE ( "Assets"."AssetID" = 38353 )
warn:dbaccess:457:457:dbaccess/source/filter/xml/xmlQuery.cxx:54: unknown attribute urn:oasis:names:tc:opendocument:xmlns:database:1.0 db:name value=Query_Assets
[Thread 0xffffffe75567d0 (LWP 489) exited]
[New Thread 0xffffffe75567d0 (LWP 490)]
[Thread 0xffffffe75567d0 (LWP 490) exited]
warn:vcl.layout:457:457:vcl/source/window/layout.cxx:290: nExtraSpace went negative for VclBox: 
warn:vcl.layout:457:457:vcl/source/window/layout.cxx:290: nExtraSpace went negative for VclBox: dbaccess/ui/appborderwindow/panel
warn:vcl.layout:457:457:vcl/source/window/layout.cxx:290: nExtraSpace went negative for VclBox: dbaccess/ui/titlewindow/TitleWindow
warn:vcl.layout:457:457:vcl/source/window/layout.cxx:290: nExtraSpace went negative for VclBox: dbaccess/ui/appborderwindow/detailwarn:vcl.layout:457:457:vcl/source/window/layout.cxx:290: nExtraSpace went negative for VclBox: dbaccess/ui/appdetailwindow/AppDetailWindow
warn:vcl.layout:457:457:vcl/source/window/layout.cxx:290: nExtraSpace went negative for VclBox: dbaccess/ui/appdetailwindow/tasks 
warn:vcl.layout:457:457:vcl/source/window/layout.cxx:290: nExtraSpace went negative for VclBox: dbaccess/ui/titlewindow/TitleWindow
warn:vcl.layout:457:457:vcl/source/window/layout.cxx:290: nExtraSpace went negative for VclBox: dbaccess/ui/appdetailwindow/container
warn:vcl.layout:457:457:vcl/source/window/layout.cxx:290: nExtraSpace went negative for VclBox: dbaccess/ui/titlewindow/TitleWindow
[New Thread 0xffffffe75567d0 (LWP 491)]

Thread 1 "cppunittester" received signal SIGILL, Illegal instruction.
0x00fffffff7e14038 in ?? ()

(gdb) i register 
ra             0xfffffff7863ad4 0xfffffff7863ad4 <cppu::throwException(com::sun::star::uno::Any const&)+700>
sp             0xfffffffffeee90 0xfffffffffeee90
gp             0xaaaaaaaaac2800 0xaaaaaaaaac2800
tp             0xfffffff7a5b7b0 0xfffffff7a5b7b0
t0             0x1      1
t1             0xfffffff4cb423c 72057593849922108
t2             0x3ff    1023
fp             0xfffffffffeef40 0xfffffffffeef40
s1             0xfffffff79d5668 72057593897244264
a0             0xaaaaaaabcf9598 48038396044481944
a1             0xfffffffffeefe0 72057594037858272
a2             0x0      0
a3             0x6      6
a4             0xfffffff7e14038 72057593901695032
a5             0xaaaaaaabcf9598 48038396044481944
a6             0x0      0
a7             0xaaaaaaabcf8680 48038396044478080
s2             0xfffffff6d39bf2 72057593884023794
s3             0xffffffffff00e8 72057594037862632
s4             0xaaaaaaaabf73e0 48038396026647520
s5             0xfffffff7ffd2c8 72057593903698632
s6             0xaaaaaaaabf97f0 48038396026656752
s7             0x0      0
s8             0x0      0
s9             0xaaaaaaaab97310 48038396026254096
s10            0xaaaaaaaab7ba18 48038396026141208
s11            0x63     99
t3             0xfffffff7e6cd74 72057593902058868
t4             0xf      15
--Type <RET> for more, q to quit, c to continue without paging--c
t5             0x0      0
t6             0x0      0
pc             0xfffffff7e14038 0xfffffff7e14038

(gdb) bt
#0  0x00fffffff7e14038 in  ()

(gdb) x /16xg $sp
0xfffffffffeee90:       0x0000000000000000      0x00aaaaaaabceec98
0xfffffffffeeea0:       0x00fffffffffef030      0x00fffffff7feffda
0xfffffffffeeeb0:       0x00fffffffffeeee0      0x00fffffffffeefe0
0xfffffffffeeec0:       0x00aaaaaaabcf88a0      0x00aaaaaaabcf87c8
0xfffffffffeeed0:       0x00aaaaaaabcf8a10      0x00aaaaaaabcf9000
0xfffffffffeeee0:       0x00aaaaaaabcf9910      0x00aaaaaaabcf9598
0xfffffffffeeef0:       0x00fffffff7f17028      0x00fffffff6d46916
0xfffffffffeef00:       0xffffffff3f800000      0xf429d8764b150a00

(gdb) x /40xg $ra
0xfffffff7863ad4 <_ZN4cppu14throwExceptionERKN3com3sun4star3uno3AnyE+700>:      0x00ef853efa840793      0x853ef88407937110
0xfffffff7863ae4 <_ZN4cppu14throwExceptionERKN3com3sun4star3uno3AnyE+716>:      0x00171797e2aed0ef      0xfc8437036c87b783
0xfffffff7863af4 <_ZN4cppu14throwExceptionERKN3com3sun4star3uno3AnyE+732>:      0xc3cd47018fb9639c      0xfa840793892aa871        
0xfffffff7863b04 <_ZN4cppu14throwExceptionERKN3com3sun4star3uno3AnyE+748>:      0x0793e2fdf0ef853e      0xd5ade0ef853efa04        
0xfffffff7863b14 <_ZN4cppu14throwExceptionERKN3com3sun4star3uno3AnyE+764>:      0xd0ef8526892aa011      0xd0ef853e87cad96d
0xfffffff7863b24 <_ZN4cppu14throwExceptionERKN3com3sun4star3uno3AnyE+780>:      0xfa04079384aac2fd      0xa011d3cde0ef853e        
0xfffffff7863b34 <_ZN4cppu14throwExceptionERKN3com3sun4star3uno3AnyE+796>:      0x853ef984079384aa      0xf9040793ba8ed0ef        
0xfffffff7863b44 <_ZN4cppu14throwExceptionERKN3com3sun4star3uno3AnyE+812>:      0x87a6d24de0ef853e      0x892ac03dd0ef853e        
0xfffffff7863b54 <_ZN4cppu14throwExceptionERKN3com3sun4star3uno3AnyE+828>:      0xf0ef853efa840793      0x853efa040793ddbd        
0xfffffff7863b64 <_ZN4cppu14throwExceptionERKN3com3sun4star3uno3AnyE+844>:      0x892aa011d06de0ef      0x84cad42dd0ef8526
0xfffffff7863b74 <_ZN4cppu14throwExceptionERKN3com3sun4star3uno3AnyE+860>:      0xfa84079384aaa809      0xa01166d000ef853e        
0xfffffff7863b84 <_ZN4cppu14throwExceptionERKN3com3sun4star3uno3AnyE+876>:      0x853ef884079384aa      0x853e87a6d82ed0ef        
0xfffffff7863b94 <_ZN4cppu14throwExceptionERKN3com3sun4star3uno3AnyE+892>:      0xb89dd0efbbddd0ef      0x694a64ea740a70aa
0xfffffff7863ba4 <_ZN4cppu14throwExceptionERKN3com3sun4star3uno3AnyE+908>:      0x8082614d6a0a69aa      0xfda6e222e606716d        
0xfffffff7863bb4 <_ZN4cppu18getCaughtExceptionEv+8>:    0xedd6f1d2f5cef9ca      0xf0a43c230a00e9da
0xfffffff7863bc4 <_ZN4cppu18getCaughtExceptionEv+24>:   0x5ec7b78300171797      0x4681fad43c236394
0xfffffff7863bd4 <_ZN4cppu18getCaughtExceptionEv+40>:   0x2597863af5040793      0x853e7a658593000b
0xfffffff7863be4 <_ZN4cppu18getCaughtExceptionEv+56>:   0xf5840793889e00ef      0x853e85baf5040713
0xfffffff7863bf4 <_ZN4cppu18getCaughtExceptionEv+72>:   0xf7040793c06ed0ef      0x8593000b2597865a
0xfffffff7863c04 <_ZN4cppu18getCaughtExceptionEv+88>:   0xce4e00ef853e77a5      0xf8840793f7040713